[2026-09-18T09:06:04Z] === ENRICH ITERATION 1 START | repo=snowballstem/snowball sha=abd9adc7 ===
[2026-09-18T09:06:04Z] [iter=1] PHASE START: enrich repo=snowballstem/snowball sha=abd9adc7 runlog=/home/runner/work/forx/forx/storage/aggregate/lsp/logs/abd9adc7-enrich-iter-001.log output=/home/runner/work/forx/forx/storage/aggregate/lsp/abd9adc758f5ba7f5db567d70a61e0929b69c3c1.nq.gz
[2026-09-18T09:06:04Z] [iter=1] Step 1: Loading AST into disk-backed store mem_mb=78 MB
[2026-09-18T09:06:12Z] [iter=1] AST store loaded triples=887634 load_secs=7 mem_mb=805 MB
[2026-09-18T09:06:12Z] [iter=1] Step 2: Finding LSP targets mem_mb=805 MB
[2026-09-18T09:06:13Z] [iter=1] LSP targets found call_sites=6782 imports=67 extends=3 implements=0 secs=1
[2026-09-18T09:06:13Z] [iter=1] Step 2.7: Building position index (one-shot, shared across resolvers) mem_mb=805 MB
[2026-09-18T09:06:19Z] [iter=1] Position index built positions=59567 nodes_with_types=71100 secs=5 mem_mb=805 MB
[2026-09-18T09:06:19Z] [iter=1] Step 3: Starting LSP resolution mem_mb=805 MB already_completed_types=[] already_completed_files=0
[2026-09-18T09:06:19Z] [iter=1] Resolving target type target_type=call_site count=6782
[2026-09-18T09:10:21Z] [iter=1] HEARTBEAT target_type=call_site elapsed_min=4.3 files_done=1 resolved=27 errors=647 current=compiler/analyser.c
[2026-09-18T09:12:14Z] [iter=1] HEARTBEAT target_type=call_site elapsed_min=6.2 files_done=2 resolved=112 errors=955 current=compiler/generator_rust.c
[2026-09-18T09:15:29Z] [iter=1] HEARTBEAT target_type=call_site elapsed_min=9.4 files_done=3 resolved=125 errors=1487 current=compiler/generator_js.c
[2026-09-18T09:18:53Z] [iter=1] HEARTBEAT target_type=call_site elapsed_min=12.8 files_done=4 resolved=136 errors=2038 current=compiler/generator_python.c
[2026-09-18T09:22:05Z] [iter=1] HEARTBEAT target_type=call_site elapsed_min=16.0 files_done=5 resolved=147 errors=2562 current=compiler/driver.c
[2026-09-18T09:22:55Z] [iter=1] HEARTBEAT target_type=call_site elapsed_min=16.9 files_done=6 resolved=189 errors=2699 current=compiler/generator_java.c
[2026-09-18T09:26:17Z] [iter=1] HEARTBEAT target_type=call_site elapsed_min=20.2 files_done=7 resolved=200 errors=3248 current=compiler/generator_pascal.c
[2026-09-18T09:29:49Z] [iter=1] HEARTBEAT target_type=call_site elapsed_min=23.7 files_done=8 resolved=213 errors=3827 current=compiler/generator_ada.c
[2026-09-18T09:33:34Z] [iter=1] HEARTBEAT target_type=call_site elapsed_min=27.5 files_done=9 resolved=236 errors=4439 current=compiler/generator_csharp.c
[2026-09-18T09:36:55Z] [iter=1] HEARTBEAT target_type=call_site elapsed_min=30.8 files_done=10 resolved=247 errors=4989 current=compiler/space.c
[2026-09-18T09:38:07Z] [iter=1] HEARTBEAT target_type=call_site elapsed_min=32.0 files_done=12 resolved=290 errors=5184 current=compiler/generator_go.c
[2026-09-18T09:41:17Z] [iter=1] HEARTBEAT target_type=call_site elapsed_min=35.2 files_done=13 resolved=302 errors=5702 current=runtime/utilities.c
[2026-09-18T09:41:59Z] [iter=1] HEARTBEAT target_type=call_site elapsed_min=35.9 files_done=18 resolved=382 errors=5780 current=rust/build.rs
[2026-09-18T09:42:33Z] [iter=1] HEARTBEAT target_type=call_site elapsed_min=36.5 files_done=23 resolved=499 errors=12630 current=javascript/base-stemmer.js
[2026-09-18T09:43:08Z] [iter=1] HEARTBEAT target_type=call_site elapsed_min=37.1 files_done=25 resolved=507 errors=12647 current=java/org/tartarus/snowball/SnowballProgram.java
[2026-09-18T09:43:42Z] [iter=1] HEARTBEAT target_type=call_site elapsed_min=37.6 files_done=30 resolved=555 errors=19504 current=python/setup.py
[2026-09-18T09:43:47Z] [iter=1] Target type resolved target_type=call_site resolved=598 errors=19509 secs=2248 mem_mb=805 MB
[2026-09-18T09:43:47Z] [iter=1] Resolving target type target_type=import_statement count=67
[2026-09-18T09:44:02Z] [iter=1] Target type resolved target_type=import_statement resolved=33 errors=67 secs=16 mem_mb=805 MB
[2026-09-18T09:44:02Z] [iter=1] Resolving target type target_type=extends_clause count=3
[2026-09-18T09:44:09Z] [iter=1] Target type resolved target_type=extends_clause resolved=3 errors=0 secs=7 mem_mb=805 MB
[2026-09-18T09:44:26Z] [iter=1] Step 5: Writing final enrichment file triples=34898
[2026-09-18T09:44:26Z] [iter=1] Enrichment file written path=/home/runner/work/forx/forx/storage/aggregate/lsp/abd9adc758f5ba7f5db567d70a61e0929b69c3c1.nq.gz size_kb=631
[2026-09-18T09:44:26Z] [iter=1] PHASE END: enrich elapsed_s=2302 elapsed_min=38.4 total_triples=34898
